// Jest Snapshot v1, https://goo.gl/fbAQLP

exports[`Welcome screen renders correctly 1`] = `
<View
  style={
    Object {
      "backgroundColor": "#002C55",
      "flex": 1,
      "flexDirection": "row",
    }
  }
>
  <View
    style={
      Object {
        "flex": 1,
        "flexDirection": "column",
      }
    }
  >
    <View
      style={
        Object {
          "flex": 1,
          "flexDirection": "row",
          "justifyContent": "flex-end",
        }
      }
    >
      <View
        style={
          Array [
            Object {
              "height": 375,
              "marginTop": -30,
              "width": 600,
            },
            Object {
              "height": 1334,
              "width": 2134.4,
            },
          ]
        }
      >
        <Image
          source={
            Object {
              "testUri": "../../../src/assets/bg_heroIllustration_welcome.png",
            }
          }
          style={
            Object {
              "flex": 1,
              "resizeMode": "contain",
              "width": "100%",
            }
          }
        />
      </View>
    </View>
    <View
      style={
        Object {
          "flex": 1,
        }
      }
    />
    <View
      style={
        Object {
          "alignItems": "flex-end",
          "bottom": 0,
          "flex": 12,
          "flexDirection": "row",
          "justifyContent": "center",
          "left": 0,
          "position": "absolute",
          "right": 0,
          "top": 0,
        }
      }
    >
      <View
        style={
          Object {
            "flex": 1,
          }
        }
      />
      <View
        style={
          Array [
            Object {
              "backgroundColor": "white",
              "borderRadius": 4,
              "flex": 0,
              "flexDirection": "column",
              "margin": 16,
              "padding": 24,
            },
            Object {
              "flex": 10,
              "height": "30%",
            },
          ]
        }
      >
        <View
          style={
            Object {
              "flex": 2,
              "justifyContent": "center",
              "marginBottom": 14,
            }
          }
        >
          <View
            style={
              Object {
                "justifyContent": "flex-end",
                "paddingBottom": 16,
              }
            }
          >
            <Text
              style={
                Array [
                  Object {
                    "fontFamily": "Roboto-Medium",
                    "fontSize": 24,
                    "fontStyle": "normal",
                    "lineHeight": 28,
                  },
                  undefined,
                ]
              }
            >
              An easier way to get into work
            </Text>
          </View>
          <Text
            style={
              Array [
                Object {
                  "fontFamily": "Roboto-Regular",
                  "fontSize": 16,
                  "fontStyle": "normal",
                  "lineHeight": 22,
                },
                Object {
                  "color": "#77787B",
                },
              ]
            }
          >
            You can now use face recognition instead of your badge to conveniently unlock building doors.
          </Text>
        </View>
        <View
          style={
            Object {
              "flex": 2,
              "flexDirection": "row",
              "justifyContent": "flex-start",
            }
          }
        >
          <View
            style={
              Array [
                Object {
                  "flex": 0,
                  "marginBottom": 15,
                  "paddingRight": 20,
                },
                Object {
                  "flex": 1,
                },
              ]
            }
          >
            <View
              accessible={true}
              focusable={true}
              onClick={[Function]}
              onResponderGrant={[Function]}
              onResponderMove={[Function]}
              onResponderRelease={[Function]}
              onResponderTerminate={[Function]}
              onResponderTerminationRequest={[Function]}
              onStartShouldSetResponder={[Function]}
              style={
                Object {
                  "opacity": 1,
                }
              }
            >
              <View
                style={
                  Array [
                    Object {
                      "alignItems": "center",
                      "backgroundColor": "#0078D4",
                      "borderRadius": 4,
                      "paddingHorizontal": 12,
                      "paddingVertical": 12,
                    },
                    undefined,
                  ]
                }
              >
                <Text
                  style={
                    Array [
                      Object {
                        "fontFamily": "Arial",
                        "fontSize": 16,
                        "fontStyle": "normal",
                        "fontWeight": "500",
                        "lineHeight": 16,
                      },
                      undefined,
                      Object {
                        "lineHeight": 22,
                      },
                    ]
                  }
                >
                  <Text
                    style={
                      Array [
                        Object {
                          "color": "white",
                        },
                        undefined,
                      ]
                    }
                  >
                    Get started
                  </Text>
                </Text>
              </View>
            </View>
          </View>
          <View
            style={
              Array [
                Object {
                  "flex": 0,
                  "marginBottom": 15,
                  "paddingRight": 20,
                },
                Object {
                  "flex": 1,
                },
              ]
            }
          >
            <View
              accessible={true}
              focusable={true}
              onClick={[Function]}
              onResponderGrant={[Function]}
              onResponderMove={[Function]}
              onResponderRelease={[Function]}
              onResponderTerminate={[Function]}
              onResponderTerminationRequest={[Function]}
              onStartShouldSetResponder={[Function]}
              style={
                Object {
                  "opacity": 1,
                }
              }
            >
              <View
                style={
                  Array [
                    Object {
                      "alignItems": "center",
                      "backgroundColor": "#FFFFFF",
                      "borderColor": "#0078D4",
                      "borderRadius": 4,
                      "borderWidth": 1,
                      "paddingHorizontal": 12,
                      "paddingVertical": 12,
                    },
                    undefined,
                  ]
                }
              >
                <Text
                  style={
                    Array [
                      Object {
                        "fontFamily": "Arial",
                        "fontSize": 16,
                        "fontStyle": "normal",
                        "fontWeight": "500",
                        "lineHeight": 16,
                      },
                      undefined,
                      Object {
                        "lineHeight": 22,
                      },
                    ]
                  }
                >
                  <Text
                    style={
                      Array [
                        Object {
                          "color": "#0078D4",
                        },
                        undefined,
                      ]
                    }
                  >
                    Manage profile
                  </Text>
                </Text>
              </View>
            </View>
          </View>
          <View
            style={
              Array [
                Object {
                  "flex": 0,
                  "marginBottom": 15,
                  "paddingRight": 20,
                },
                Object {
                  "flex": 1,
                },
              ]
            }
          />
        </View>
        <View
          style={
            Object {
              "flex": 1,
              "justifyContent": "flex-end",
            }
          }
        >
          <Text
            style={
              Array [
                Object {
                  "fontFamily": "Roboto-Regular",
                  "fontSize": 12,
                  "fontStyle": "normal",
                  "lineHeight": 16,
                },
                Object {
                  "color": "#77787B",
                },
              ]
            }
          >
            Details at contoso.com/touchless-access
            

            Contoso Privacy Statement 
            

          </Text>
          <Text
            style={
              Array [
                Object {
                  "fontFamily": "Roboto-Regular",
                  "fontSize": 12,
                  "fontStyle": "normal",
                  "lineHeight": 16,
                },
                Object {
                  "color": "#77787B",
                },
              ]
            }
          >
            Contoso | Real Estate & Security
          </Text>
        </View>
      </View>
      <View
        style={
          Object {
            "flex": 1,
          }
        }
      />
    </View>
  </View>
</View>
`;
